docker-compose : time
="2026-02-03T11:22:49
+05:30" 
level=warning msg="D:
\\tec\\VS_code_style\
\docker-compose.yml: 
the attribute 
`version` is 
obsolete, it will be 
ignored, please 
remove it to avoid 
potential confusion"
At line:1 char:1
+ docker-compose 
build frontend > 
build_error.log 2>&1
+ ~~~~~~~~~~~~~~~~~~~
~~~~~~~~~~~~~~~~~~~~~
~~~~~~~~~~~~
    + CategoryInfo   
           : NotSpe  
  cified: (time="2   
 026-02-0...tial     
confusion":Strin    
g) [], RemoteExc    
eption
    + FullyQualified 
   ErrorId : Native  
  CommandError
 
 Image vs_code_style-
frontend Building 
 Image vs_code_style-
backend Building 
#1 [internal] load local bake definitions
#1 reading from stdin 962B done
#1 DONE 0.0s

#2 [internal] load build definition from Dockerfile
#2 transferring dockerfile: 399B done
#2 DONE 0.0s

#3 [internal] load metadata for docker.io/library/node:20-alpine
#3 DONE 1.0s

#4 [internal] load metadata for docker.io/library/nginx:alpine
#4 DONE 1.1s

#5 [internal] load .dockerignore
#5 transferring context: 34B done
#5 DONE 0.1s

#6 [stage-1 1/2] FROM docker.io/library/nginx:alpine@sha256:4870c12cd2ca986de501a804b4f506ad3875a0b1874940ba0a2c7f763f1855b2
#6 resolve docker.io/library/nginx:alpine@sha256:4870c12cd2ca986de501a804b4f506ad3875a0b1874940ba0a2c7f763f1855b2 0.0s done
#6 DONE 0.1s

#7 [build 1/6] FROM docker.io/library/node:20-alpine@sha256:09e2b3d9726018aecf269bd35325f46bf75046a643a66d28360ec71132750ec8
#7 resolve docker.io/library/node:20-alpine@sha256:09e2b3d9726018aecf269bd35325f46bf75046a643a66d28360ec71132750ec8 0.0s done
#7 DONE 0.1s

#8 [internal] load build context
#8 transferring context: 1.84kB done
#8 DONE 0.0s

#9 [build 2/6] WORKDIR /app
#9 CACHED

#10 [build 3/6] COPY package*.json ./
#10 CACHED

#11 [build 4/6] RUN npm install
#11 CACHED

#12 [build 5/6] COPY . .
#12 CACHED

#13 [build 6/6] RUN npm run build
#13 0.638 
#13 0.638 > teachgrid-frontend@1.0.0 build
#13 0.638 > react-scripts build
#13 0.638 
#13 3.126 Creating an optimized production build...
#13 10.32 Failed to compile.
#13 10.32 
#13 10.32 [eslint] 
#13 10.32 src/components/IDELayout.jsx
#13 10.32 Syntax error: Unexpected token (216:9) (216:9)
#13 10.32 
#13 10.32 
#13 ERROR: process "/bin/sh -c npm run build" did not complete successfully: exit code: 1
------
 > [build 6/6] RUN npm run build:
0.638 > react-scripts build
0.638 
3.126 Creating an optimized production build...
10.32 Failed to compile.
10.32 
10.32 [eslint] 
10.32 src/components/IDELayout.jsx
10.32 Syntax error: Unexpected token (216:9) (216:9)
10.32 
10.32 
------
2026/02/03 11:22:50 
http2: server: error 
reading preface from 
client //./pipe/docke
rDesktopLinuxEngine: 
file has already 
been closed

Dockerfile:10

--------------------

   8 |     

   9 |     COPY . .

  10 | >>> RUN npm 
run build

  11 |     

  12 |     

--------------------

failed to solve: 
process "/bin/sh -c 
npm run build" did 
not complete 
successfully: exit 
code: 1

